examples/deadlock/deadlock.go:104:30: Access to File.name requires lock mu, but it's not held
examples/deadlock/deadlock.go:104:45: Access to File.size requires lock mu, but it's not held
examples/deadlock/deadlock.go:104:57: Access to File.parent requires lock mu, but it's not held
examples/deadlock/deadlock.go:105:7: Access to Dir.files requires lock mu, but it's not held
examples/deadlock/deadlock.go:107:2: Potential deadlock between goroutines: go process1 acquires mu before mu, while go process2 acquires mu before mu (other goroutine starts near line 108)
examples/deadlock/deadlock.go:70:32: Call to Path acquires lock d.mu, but it is already held
