examples/pointer_aliasing/pointer_aliasing.go:22:40: Access to Struct2.value requires lock mu2, but it's not held
examples/pointer_aliasing/pointer_aliasing.go:24:27: Access to Struct2.value requires lock mu2, but it's not held
examples/pointer_aliasing/pointer_aliasing.go:29:33: Access to Struct2.value requires lock mu2, but it's not held
