examples/dynamic_dispatch_deadlock/dynamic_dispatch_deadlock.go:48:2: Potential deadlock between goroutines: go runTask acquires muA before muB, while go runTask acquires muB before muA (other goroutine starts near line 52)
examples/dynamic_dispatch_deadlock/dynamic_dispatch_deadlock.go:48:2: Potential deadlock between goroutines: go runTask may reacquire muA while already held, and go runTask also acquires muA (other goroutine starts near line 52)
examples/dynamic_dispatch_deadlock/dynamic_dispatch_deadlock.go:52:2: Potential deadlock between goroutines: go runTask may reacquire muB while already held, and go runTask also acquires muB (other goroutine starts near line 48)
