examples/recursion/recursion.go:54:3: Function DeadlockingFactorial must return with lock mu held
examples/recursion/recursion.go:59:2: Function DeadlockingFactorial must return with lock mu held
examples/recursion/recursion.go:59:33: Call to DeadlockingFactorial acquires lock mu, but it is already held
